// Jest Snapshot v1, https://goo.gl/fbAQLP

exports[`Renderiza Login 1`] = `
<div
  className="box-layout"
>
  <div
    className="box-layout__box"
  >
    <h1
      className="box-layout__title"
    >
      Gastadero
    </h1>
    <p>
      Es hora de poner tus gastos bajo control.
    </p>
    <button
      className="button"
    >
      Iniciar con Google
    </button>
  </div>
</div>
`;
